---
source: iml-agent/src/high_availability.rs
expression: x
---
Some(
    "1",
)
