---
source: emf-exa-parser/tests/integration-tests.rs
expression: exa

---
{
  "ha_settings": {
    "corosync_nics": [
      "ring0",
      "ring1"
    ],
    "crypto_cipher": "aes256",
    "crypto_hash": "sha1",
    "dampen_ifspeed": 60,
    "dampen_ping": 40,
    "failover_policy": "standard",
    "ha_group_count": 1,
    "ha_groups": [
      [
        "mds0",
        "mds1",
        "oss0",
        "oss1",
        "oss2",
        "oss3",
        "rbh",
        "client3"
      ]
    ],
    "lustre_start_timeout": 450,
    "max_messages": 17,
    "mcastport": 5405,
    "netmtu": 1500,
    "no_quorum_policy": "freeze",
    "rrp_mode": "passive",
    "secauth": "on",
    "stonith_timeout": 60,
    "start_on_boot": true,
    "transport": "multicast",
    "type": "corosync",
    "window_size": 50,
    "zpool_monitor_timeout": 60
  },
  "global_settings": {
    "clients_list": [
      "client3"
    ],
    "cluster_name": "es-cluster",
    "conf_param_tunings": {
      "testfs.llite.max_read_ahead_mb": "128",
      "testfs.llite.max_read_ahead_per_file_mb": "64"
    },
    "email_list": [
      "Test User <test@example.com>"
    ],
    "email_domain": "example.com",
    "email_relay": "mail.example.com",
    "extra_hosts_start": [
      "rbh"
    ],
    "extra_hosts_end": [
      "client3"
    ],
    "fs_list": [
      "testfs"
    ],
    "host_list": [
      "mds0",
      "mds1",
      "oss0",
      "oss1",
      "oss2",
      "oss3",
      "rbh",
      "client3"
    ],
    "hsm_active": false,
    "kdump_path": "/scratch/crash",
    "lnet_mr_fault_sensitive": false,
    "log_dir": "/scratch/log",
    "mdt_backup": "none",
    "mdt_backup_dir": "/scratch",
    "mgs_fs": "testfs",
    "ntp_list": [
      "ddn.ntp.server"
    ],
    "password_policy": "encryption",
    "pingd": true,
    "s2a_list": [],
    "s2a_pass": "password",
    "s2a_user": "admin",
    "set_param_tunings": {
      "debug": "0",
      "llite.*.checksum_pages": "1",
      "obdfilter.*.brw_size": "4",
      "obdfilter.*.checksum_t10pi_enforce": "1",
      "osc.*.checksum_type": "t10ip4K",
      "osc.*.max_dirty_mb": "512",
      "osc.*.max_pages_per_rpc": "1024",
      "osc.*.max_rpcs_in_flight": "64",
      "ost.OSS.ost.threads_min": "116",
      "ost.OSS.ost_io.threads_min": "116"
    },
    "sfa_list": [
      "sfa12k",
      "es7k"
    ],
    "shadow_conf": false,
    "timezone": "UTC",
    "vg_activation_list": [
      "auto"
    ]
  },
  "pool_settings": {
    "fast_pool": {
      "name": "fast_pool",
      "ost_list": [
        "OST0",
        "OST1",
        "OST2",
        "OST3"
      ]
    }
  },
  "sfa_settings": {
    "es7k": {
      "controllers": [
        "10.52.16.46",
        "10.52.16.47"
      ],
      "name": "es7k",
      "password": "user",
      "user": "user"
    },
    "sfa12k": {
      "controllers": [
        "10.52.16.44",
        "10.52.16.45"
      ],
      "name": "sfa12k",
      "password": "user",
      "user": "user"
    }
  },
  "zpool_settings": null,
  "host_defaults_settings": {
    "base_ip": {
      "eth0": [
        198,
        51,
        100,
        19
      ]
    },
    "bonding_mode": "4",
    "grub_args": "spectre_v2=off nopti crashkernel=1024M",
    "host_sfa_list": [],
    "ipmi_delay": null,
    "ipmi_method": null,
    "ipmi_monitor": null,
    "ipmi_power_wait": 5,
    "lnets": [
      "o2ib(ib0)",
      "tcp(eth0)"
    ],
    "modprobe_cfg": "\noptions ksocklnd enable_irq_affinity=0\noptions lnet routes=\"o2ib4711 198.51.100.[231-232]@o2ib1o2ib5 130.242.72.[227-228]@o2ib1\" \\\ncheck_routers_before_use=1 router_ping_timeout=250 dead_router_check_interval=300 live_router_check_interval=251\noptions hfi1 krcvqs=4 sge_copy_mode=2 wss_threshold=70 max_mtu=10240",
    "rest_cert_ca": "/root/certs/rootca.crt",
    "rest_cert_crl": "/root/certs/rootca.crl",
    "rest_cert_server": "/root/certs/server/es-virt-rest.crt",
    "rest_cert_server_key": "/root/certs/server/es-virt2-rest.key",
    "rest_ext_nic": "eth0",
    "rest_int_nic": "eth0",
    "rest_keepalived_nic": "eth0",
    "rest_primary_nic": "eth0",
    "nic_list": [
      "eth0",
      "eth1",
      "ib0"
    ],
    "nics": {
      "eth0": {
        "device": "eth0",
        "gateway": "198.51.100.1",
        "ip": null,
        "is_bonded": null,
        "netaddr": null,
        "netmask": "255.255.255.0"
      },
      "eth1": {
        "device": "eth1",
        "gateway": null,
        "ip": null,
        "is_bonded": null,
        "netaddr": null,
        "netmask": "255.255.255.0"
      },
      "ib0": {
        "device": "ib0",
        "gateway": null,
        "ip": null,
        "is_bonded": null,
        "netaddr": null,
        "netmask": "255.255.255.0"
      }
    },
    "ring0": "eth0",
    "ring1": "eth1",
    "serial_port": "ttyS0",
    "serial_speed": "115200",
    "stonith_pass": "password",
    "stonith_user": "username",
    "stonith_type": "sfa_vm"
  },
  "hosts_settings": {
    "client3": {
      "fs_list": [],
      "bonding_mode": "4",
      "grub_args": "spectre_v2=off nopti crashkernel=1024M",
      "ha_group": [
        "mds0",
        "mds1",
        "oss0",
        "oss1",
        "oss2",
        "oss3",
        "rbh",
        "client3"
      ],
      "ha_group_idx": 0,
      "host_sfa_list": [
        "sfa12k"
      ],
      "ipmi_delay": null,
      "ipmi_method": null,
      "ipmi_monitor": null,
      "ipmi_power_wait": 5,
      "lnet_members": {
        "o2ib": [
          [
            "192.0.2.10"
          ],
          [
            "192.0.2.11"
          ],
          [
            "192.0.2.12"
          ],
          [
            "192.0.2.13"
          ],
          [
            "192.0.2.14"
          ],
          [
            "192.0.2.17"
          ]
        ],
        "tcp": [
          [
            "198.51.100.10"
          ],
          [
            "198.51.100.11"
          ],
          [
            "198.51.100.12"
          ],
          [
            "198.51.100.13"
          ],
          [
            "198.51.100.14"
          ],
          [
            "198.51.100.15"
          ],
          [
            "198.51.100.16"
          ],
          [
            "198.51.100.18"
          ]
        ]
      },
      "lnet_nics": [
        "ib0",
        "eth0"
      ],
      "lnets": [
        "o2ib(ib0)",
        "tcp(eth0)"
      ],
      "mdt_base_device_paths": {},
      "mdt_list": {},
      "modprobe_cfg": "\noptions ksocklnd enable_irq_affinity=0\noptions lnet routes=\"o2ib4711 198.51.100.[231-232]@o2ib1o2ib5 130.242.72.[227-228]@o2ib1\" \\\ncheck_routers_before_use=1 router_ping_timeout=250 dead_router_check_interval=300 live_router_check_interval=251\noptions hfi1 krcvqs=4 sge_copy_mode=2 wss_threshold=70 max_mtu=10240",
      "name": "client3",
      "nic_list": [
        "eth0",
        "eth1",
        "ib0"
      ],
      "nics": {
        "eth0": {
          "device": "eth0",
          "gateway": "198.51.100.1",
          "ip": "198.51.100.18",
          "is_bonded": false,
          "netaddr": "198.51.100.0",
          "netmask": "255.255.255.0"
        },
        "eth1": {
          "device": "eth1",
          "gateway": null,
          "ip": "203.0.113.17",
          "is_bonded": false,
          "netaddr": "203.0.113.0",
          "netmask": "255.255.255.0"
        },
        "ib0": {
          "device": "ib0",
          "gateway": null,
          "ip": "192.0.2.17",
          "is_bonded": false,
          "netaddr": "192.0.2.0",
          "netmask": "255.255.255.0"
        }
      },
      "peers": [],
      "oid": null,
      "ost_device_paths": {},
      "ost_list": {},
      "rest_cert_ca": "/root/certs/rootca.crt",
      "rest_cert_crl": "/root/certs/rootca.crl",
      "rest_ext_nic": "eth0",
      "rest_int_nic": "eth0",
      "rest_cert_server": "/root/certs/server/es-virt-rest.crt",
      "rest_cert_server_key": "/root/certs/server/es-virt2-rest.key",
      "rest_keepalived_nic": "eth0",
      "rest_primary_nic": "eth0",
      "ring0": "eth0",
      "ring1": "eth1",
      "serial_port": "ttyS0",
      "serial_speed": "115200",
      "stonith_pass": "password",
      "stonith_primary_peers": [],
      "stonith_secondary_peers": [],
      "stonith_type": "sfa_vm",
      "stonith_user": "username",
      "sysctl": {
        "net.ipv4.tcp_window_scaling": "2",
        "vm.min_free_kbytes": "2097152"
      }
    },
    "mds0": {
      "fs_list": [
        "testfs"
      ],
      "bonding_mode": "4",
      "grub_args": "spectre_v2=off nopti",
      "ha_group": [
        "mds0",
        "mds1",
        "oss0",
        "oss1",
        "oss2",
        "oss3",
        "rbh",
        "client3"
      ],
      "ha_group_idx": 0,
      "host_sfa_list": [
        "sfa12k"
      ],
      "ipmi_delay": null,
      "ipmi_method": null,
      "ipmi_monitor": null,
      "ipmi_power_wait": 5,
      "lnet_members": {
        "tcp": [
          [
            "198.51.100.10"
          ],
          [
            "198.51.100.11"
          ],
          [
            "198.51.100.12"
          ],
          [
            "198.51.100.13"
          ],
          [
            "198.51.100.14"
          ],
          [
            "198.51.100.15"
          ],
          [
            "198.51.100.16"
          ],
          [
            "198.51.100.18"
          ]
        ]
      },
      "lnet_nics": [
        "eth0"
      ],
      "lnets": [
        "tcp(eth0)"
      ],
      "mdt_base_device_paths": {
        "testfs": "/dev/ddn"
      },
      "mdt_list": {
        "testfs": [
          0,
          1,
          2
        ]
      },
      "modprobe_cfg": "\noptions ksocklnd enable_irq_affinity=0\noptions lnet routes=\"o2ib4711 198.51.100.[231-232]@o2ib1o2ib5 130.242.72.[227-228]@o2ib1\" \\\ncheck_routers_before_use=1 router_ping_timeout=250 dead_router_check_interval=300 live_router_check_interval=251\noptions hfi1 krcvqs=4 sge_copy_mode=2 wss_threshold=70 max_mtu=10240",
      "name": "mds0",
      "nic_list": [
        "eth0",
        "eth1"
      ],
      "nics": {
        "eth0": {
          "device": "eth0",
          "gateway": "198.51.100.1",
          "ip": "198.51.100.10",
          "is_bonded": false,
          "netaddr": "198.51.100.0",
          "netmask": "255.255.255.0"
        },
        "eth1": {
          "device": "eth1",
          "gateway": null,
          "ip": "203.0.113.10",
          "is_bonded": false,
          "netaddr": "203.0.113.0",
          "netmask": "255.255.255.0"
        }
      },
      "peers": [
        "mds1"
      ],
      "oid": "0x10000000",
      "ost_device_paths": {
        "testfs": "/dev/ddn"
      },
      "ost_list": {
        "testfs": []
      },
      "rest_cert_ca": "/root/certs/rootca.crt",
      "rest_cert_crl": "/root/certs/rootca.crl",
      "rest_ext_nic": "eth0",
      "rest_int_nic": "eth0",
      "rest_cert_server": "/root/certs/server/es-virt-rest.crt",
      "rest_cert_server_key": "/root/certs/server/es-virt2-rest.key",
      "rest_keepalived_nic": "eth0",
      "rest_primary_nic": "eth0",
      "ring0": "eth0",
      "ring1": "eth1",
      "serial_port": "ttyS0",
      "serial_speed": "115200",
      "stonith_pass": "password",
      "stonith_primary_peers": [
        "oss0",
        "oss1"
      ],
      "stonith_secondary_peers": [
        "mds1",
        "oss2",
        "oss3"
      ],
      "stonith_type": "sfa_vm",
      "stonith_user": "username",
      "sysctl": {
        "net.ipv4.tcp_window_scaling": "2",
        "vm.min_free_kbytes": "2097152"
      }
    },
    "mds1": {
      "fs_list": [
        "testfs"
      ],
      "bonding_mode": "4",
      "grub_args": "spectre_v2=off nopti crashkernel=1024M",
      "ha_group": [
        "mds0",
        "mds1",
        "oss0",
        "oss1",
        "oss2",
        "oss3",
        "rbh",
        "client3"
      ],
      "ha_group_idx": 0,
      "host_sfa_list": [
        "sfa12k"
      ],
      "ipmi_delay": null,
      "ipmi_method": null,
      "ipmi_monitor": null,
      "ipmi_power_wait": 5,
      "lnet_members": {
        "tcp": [
          [
            "198.51.100.10"
          ],
          [
            "198.51.100.11"
          ],
          [
            "198.51.100.12"
          ],
          [
            "198.51.100.13"
          ],
          [
            "198.51.100.14"
          ],
          [
            "198.51.100.15"
          ],
          [
            "198.51.100.16"
          ],
          [
            "198.51.100.18"
          ]
        ]
      },
      "lnet_nics": [
        "eth0"
      ],
      "lnets": [
        "tcp(eth0)"
      ],
      "mdt_base_device_paths": {
        "testfs": "/dev/ddn"
      },
      "mdt_list": {
        "testfs": [
          3
        ]
      },
      "modprobe_cfg": "\noptions ksocklnd enable_irq_affinity=0\noptions lnet routes=\"o2ib4711 198.51.100.[231-232]@o2ib1o2ib5 130.242.72.[227-228]@o2ib1\" \\\ncheck_routers_before_use=1 router_ping_timeout=250 dead_router_check_interval=300 live_router_check_interval=251\noptions hfi1 krcvqs=4 sge_copy_mode=2 wss_threshold=70 max_mtu=10240",
      "name": "mds1",
      "nic_list": [
        "eth0",
        "eth1"
      ],
      "nics": {
        "eth0": {
          "device": "eth0",
          "gateway": "198.51.100.1",
          "ip": "198.51.100.11",
          "is_bonded": false,
          "netaddr": "198.51.100.0",
          "netmask": "255.255.255.0"
        },
        "eth1": {
          "device": "eth1",
          "gateway": null,
          "ip": "203.0.113.11",
          "is_bonded": false,
          "netaddr": "203.0.113.0",
          "netmask": "255.255.255.0"
        }
      },
      "peers": [
        "mds0"
      ],
      "oid": "0x10000000",
      "ost_device_paths": {
        "testfs": "/dev/ddn"
      },
      "ost_list": {
        "testfs": []
      },
      "rest_cert_ca": "/root/certs/rootca.crt",
      "rest_cert_crl": "/root/certs/rootca.crl",
      "rest_ext_nic": "eth0",
      "rest_int_nic": "eth0",
      "rest_cert_server": "/root/certs/server/es-virt-rest.crt",
      "rest_cert_server_key": "/root/certs/server/es-virt2-rest.key",
      "rest_keepalived_nic": "eth0",
      "rest_primary_nic": "eth0",
      "ring0": "eth0",
      "ring1": "eth1",
      "serial_port": "ttyS0",
      "serial_speed": "115200",
      "stonith_pass": "password",
      "stonith_primary_peers": [
        "oss2",
        "oss3"
      ],
      "stonith_secondary_peers": [
        "mds0",
        "oss0",
        "oss1"
      ],
      "stonith_type": "sfa_vm",
      "stonith_user": "username",
      "sysctl": {
        "net.ipv4.tcp_window_scaling": "2",
        "vm.min_free_kbytes": "2097152"
      }
    },
    "oss0": {
      "fs_list": [
        "testfs"
      ],
      "bonding_mode": "4",
      "grub_args": "spectre_v2=off nopti crashkernel=1024M",
      "ha_group": [
        "mds0",
        "mds1",
        "oss0",
        "oss1",
        "oss2",
        "oss3",
        "rbh",
        "client3"
      ],
      "ha_group_idx": 0,
      "host_sfa_list": [
        "sfa12k"
      ],
      "ipmi_delay": null,
      "ipmi_method": null,
      "ipmi_monitor": null,
      "ipmi_power_wait": 5,
      "lnet_members": {
        "o2ib": [
          [
            "192.0.2.10"
          ],
          [
            "192.0.2.11"
          ],
          [
            "192.0.2.12"
          ],
          [
            "192.0.2.13"
          ],
          [
            "192.0.2.14"
          ],
          [
            "192.0.2.17"
          ]
        ],
        "tcp": [
          [
            "198.51.100.10"
          ],
          [
            "198.51.100.11"
          ],
          [
            "198.51.100.12"
          ],
          [
            "198.51.100.13"
          ],
          [
            "198.51.100.14"
          ],
          [
            "198.51.100.15"
          ],
          [
            "198.51.100.16"
          ],
          [
            "198.51.100.18"
          ]
        ]
      },
      "lnet_nics": [
        "ib0",
        "eth0"
      ],
      "lnets": [
        "o2ib(ib0)",
        "tcp(eth0)"
      ],
      "mdt_base_device_paths": {
        "testfs": "/dev/ddn"
      },
      "mdt_list": {
        "testfs": []
      },
      "modprobe_cfg": "\noptions ksocklnd enable_irq_affinity=0\noptions lnet routes=\"o2ib4711 198.51.100.[231-232]@o2ib1o2ib5 130.242.72.[227-228]@o2ib1\" \\\ncheck_routers_before_use=1 router_ping_timeout=250 dead_router_check_interval=300 live_router_check_interval=251\noptions hfi1 krcvqs=4 sge_copy_mode=2 wss_threshold=70 max_mtu=10240",
      "name": "oss0",
      "nic_list": [
        "eth0",
        "eth1",
        "ib0"
      ],
      "nics": {
        "eth0": {
          "device": "eth0",
          "gateway": "198.51.100.1",
          "ip": "198.51.100.12",
          "is_bonded": false,
          "netaddr": "198.51.100.0",
          "netmask": "255.255.255.0"
        },
        "eth1": {
          "device": "eth1",
          "gateway": null,
          "ip": "203.0.113.12",
          "is_bonded": false,
          "netaddr": "203.0.113.0",
          "netmask": "255.255.255.0"
        },
        "ib0": {
          "device": "ib0",
          "gateway": null,
          "ip": "192.0.2.10",
          "is_bonded": false,
          "netaddr": "192.0.2.0",
          "netmask": "255.255.255.0"
        }
      },
      "peers": [
        "oss1",
        "oss2",
        "oss3"
      ],
      "oid": "0x10000001",
      "ost_device_paths": {
        "testfs": "/dev/ddn"
      },
      "ost_list": {
        "testfs": [
          0,
          1,
          2,
          3
        ]
      },
      "rest_cert_ca": "/root/certs/rootca.crt",
      "rest_cert_crl": "/root/certs/rootca.crl",
      "rest_ext_nic": "eth0",
      "rest_int_nic": "eth0",
      "rest_cert_server": "/root/certs/server/es-virt-rest.crt",
      "rest_cert_server_key": "/root/certs/server/es-virt2-rest.key",
      "rest_keepalived_nic": "eth0",
      "rest_primary_nic": "eth0",
      "ring0": "eth0",
      "ring1": "eth1",
      "serial_port": "ttyS0",
      "serial_speed": "115200",
      "stonith_pass": "password",
      "stonith_primary_peers": [
        "mds0",
        "oss1"
      ],
      "stonith_secondary_peers": [
        "mds1",
        "oss2",
        "oss3"
      ],
      "stonith_type": "sfa_vm",
      "stonith_user": "username",
      "sysctl": {
        "net.ipv4.tcp_window_scaling": "1",
        "vm.min_free_kbytes": "2097152"
      }
    },
    "oss1": {
      "fs_list": [
        "testfs"
      ],
      "bonding_mode": "4",
      "grub_args": "spectre_v2=off nopti crashkernel=1024M",
      "ha_group": [
        "mds0",
        "mds1",
        "oss0",
        "oss1",
        "oss2",
        "oss3",
        "rbh",
        "client3"
      ],
      "ha_group_idx": 0,
      "host_sfa_list": [
        "sfa12k"
      ],
      "ipmi_delay": null,
      "ipmi_method": null,
      "ipmi_monitor": null,
      "ipmi_power_wait": 5,
      "lnet_members": {
        "o2ib": [
          [
            "192.0.2.10"
          ],
          [
            "192.0.2.11"
          ],
          [
            "192.0.2.12"
          ],
          [
            "192.0.2.13"
          ],
          [
            "192.0.2.14"
          ],
          [
            "192.0.2.17"
          ]
        ],
        "tcp": [
          [
            "198.51.100.10"
          ],
          [
            "198.51.100.11"
          ],
          [
            "198.51.100.12"
          ],
          [
            "198.51.100.13"
          ],
          [
            "198.51.100.14"
          ],
          [
            "198.51.100.15"
          ],
          [
            "198.51.100.16"
          ],
          [
            "198.51.100.18"
          ]
        ]
      },
      "lnet_nics": [
        "ib0",
        "eth0"
      ],
      "lnets": [
        "o2ib(ib0)",
        "tcp(eth0)"
      ],
      "mdt_base_device_paths": {
        "testfs": "/dev/ddn"
      },
      "mdt_list": {
        "testfs": []
      },
      "modprobe_cfg": "\noptions ksocklnd enable_irq_affinity=0\noptions lnet routes=\"o2ib4711 198.51.100.[231-232]@o2ib1o2ib5 130.242.72.[227-228]@o2ib1\" \\\ncheck_routers_before_use=1 router_ping_timeout=250 dead_router_check_interval=300 live_router_check_interval=251\noptions hfi1 krcvqs=4 sge_copy_mode=2 wss_threshold=70 max_mtu=10240",
      "name": "oss1",
      "nic_list": [
        "eth0",
        "eth1",
        "ib0"
      ],
      "nics": {
        "eth0": {
          "device": "eth0",
          "gateway": "198.51.100.1",
          "ip": "198.51.100.13",
          "is_bonded": false,
          "netaddr": "198.51.100.0",
          "netmask": "255.255.255.0"
        },
        "eth1": {
          "device": "eth1",
          "gateway": null,
          "ip": "203.0.113.13",
          "is_bonded": false,
          "netaddr": "203.0.113.0",
          "netmask": "255.255.255.0"
        },
        "ib0": {
          "device": "ib0",
          "gateway": null,
          "ip": "192.0.2.11",
          "is_bonded": false,
          "netaddr": "192.0.2.0",
          "netmask": "255.255.255.0"
        }
      },
      "peers": [
        "oss0",
        "oss3",
        "oss2"
      ],
      "oid": "0x10000002",
      "ost_device_paths": {
        "testfs": "/dev/ddn"
      },
      "ost_list": {
        "testfs": [
          4,
          5,
          6,
          7
        ]
      },
      "rest_cert_ca": "/root/certs/rootca.crt",
      "rest_cert_crl": "/root/certs/rootca.crl",
      "rest_ext_nic": "eth0",
      "rest_int_nic": "eth0",
      "rest_cert_server": "/root/certs/server/es-virt-rest.crt",
      "rest_cert_server_key": "/root/certs/server/es-virt2-rest.key",
      "rest_keepalived_nic": "eth0",
      "rest_primary_nic": "eth0",
      "ring0": "eth0",
      "ring1": "eth1",
      "serial_port": "ttyS0",
      "serial_speed": "115200",
      "stonith_pass": "password",
      "stonith_primary_peers": [
        "mds0",
        "oss0"
      ],
      "stonith_secondary_peers": [
        "mds1",
        "oss2",
        "oss3"
      ],
      "stonith_type": "sfa_vm",
      "stonith_user": "username",
      "sysctl": {
        "net.ipv4.tcp_window_scaling": "2",
        "vm.min_free_kbytes": "2097152"
      }
    },
    "oss2": {
      "fs_list": [
        "testfs"
      ],
      "bonding_mode": "4",
      "grub_args": "spectre_v2=off nopti crashkernel=1024M",
      "ha_group": [
        "mds0",
        "mds1",
        "oss0",
        "oss1",
        "oss2",
        "oss3",
        "rbh",
        "client3"
      ],
      "ha_group_idx": 0,
      "host_sfa_list": [
        "sfa12k"
      ],
      "ipmi_delay": null,
      "ipmi_method": null,
      "ipmi_monitor": null,
      "ipmi_power_wait": 5,
      "lnet_members": {
        "o2ib": [
          [
            "192.0.2.10"
          ],
          [
            "192.0.2.11"
          ],
          [
            "192.0.2.12"
          ],
          [
            "192.0.2.13"
          ],
          [
            "192.0.2.14"
          ],
          [
            "192.0.2.17"
          ]
        ],
        "tcp": [
          [
            "198.51.100.10"
          ],
          [
            "198.51.100.11"
          ],
          [
            "198.51.100.12"
          ],
          [
            "198.51.100.13"
          ],
          [
            "198.51.100.14"
          ],
          [
            "198.51.100.15"
          ],
          [
            "198.51.100.16"
          ],
          [
            "198.51.100.18"
          ]
        ]
      },
      "lnet_nics": [
        "ib0",
        "eth0"
      ],
      "lnets": [
        "o2ib(ib0)",
        "tcp(eth0)"
      ],
      "mdt_base_device_paths": {
        "testfs": "/dev/ddn"
      },
      "mdt_list": {
        "testfs": []
      },
      "modprobe_cfg": "\noptions ksocklnd enable_irq_affinity=0\noptions lnet routes=\"o2ib4711 198.51.100.[231-232]@o2ib1o2ib5 130.242.72.[227-228]@o2ib1\" \\\ncheck_routers_before_use=1 router_ping_timeout=250 dead_router_check_interval=300 live_router_check_interval=251\noptions hfi1 krcvqs=4 sge_copy_mode=2 wss_threshold=70 max_mtu=10240",
      "name": "oss2",
      "nic_list": [
        "eth0",
        "eth1",
        "ib0"
      ],
      "nics": {
        "eth0": {
          "device": "eth0",
          "gateway": "198.51.100.1",
          "ip": "198.51.100.14",
          "is_bonded": false,
          "netaddr": "198.51.100.0",
          "netmask": "255.255.255.0"
        },
        "eth1": {
          "device": "eth1",
          "gateway": null,
          "ip": "203.0.113.14",
          "is_bonded": false,
          "netaddr": "203.0.113.0",
          "netmask": "255.255.255.0"
        },
        "ib0": {
          "device": "ib0",
          "gateway": null,
          "ip": "192.0.2.12",
          "is_bonded": false,
          "netaddr": "192.0.2.0",
          "netmask": "255.255.255.0"
        }
      },
      "peers": [
        "oss3",
        "oss0",
        "oss1"
      ],
      "oid": "0x10000001",
      "ost_device_paths": {
        "testfs": "/dev/ddn"
      },
      "ost_list": {
        "testfs": [
          8,
          9,
          10,
          11
        ]
      },
      "rest_cert_ca": "/root/certs/rootca.crt",
      "rest_cert_crl": "/root/certs/rootca.crl",
      "rest_ext_nic": "eth0",
      "rest_int_nic": "eth0",
      "rest_cert_server": "/root/certs/server/es-virt-rest.crt",
      "rest_cert_server_key": "/root/certs/server/es-virt2-rest.key",
      "rest_keepalived_nic": "eth0",
      "rest_primary_nic": "eth0",
      "ring0": "eth0",
      "ring1": "eth1",
      "serial_port": "ttyS0",
      "serial_speed": "115200",
      "stonith_pass": "password",
      "stonith_primary_peers": [
        "mds1",
        "oss3"
      ],
      "stonith_secondary_peers": [
        "mds0",
        "oss0",
        "oss1"
      ],
      "stonith_type": "sfa_vm",
      "stonith_user": "username",
      "sysctl": {
        "net.ipv4.tcp_window_scaling": "2",
        "vm.min_free_kbytes": "2097152"
      }
    },
    "oss3": {
      "fs_list": [
        "testfs"
      ],
      "bonding_mode": "4",
      "grub_args": "spectre_v2=off nopti crashkernel=1024M",
      "ha_group": [
        "mds0",
        "mds1",
        "oss0",
        "oss1",
        "oss2",
        "oss3",
        "rbh",
        "client3"
      ],
      "ha_group_idx": 0,
      "host_sfa_list": [
        "sfa12k"
      ],
      "ipmi_delay": null,
      "ipmi_method": null,
      "ipmi_monitor": null,
      "ipmi_power_wait": 5,
      "lnet_members": {
        "o2ib": [
          [
            "192.0.2.10"
          ],
          [
            "192.0.2.11"
          ],
          [
            "192.0.2.12"
          ],
          [
            "192.0.2.13"
          ],
          [
            "192.0.2.14"
          ],
          [
            "192.0.2.17"
          ]
        ],
        "tcp": [
          [
            "198.51.100.10"
          ],
          [
            "198.51.100.11"
          ],
          [
            "198.51.100.12"
          ],
          [
            "198.51.100.13"
          ],
          [
            "198.51.100.14"
          ],
          [
            "198.51.100.15"
          ],
          [
            "198.51.100.16"
          ],
          [
            "198.51.100.18"
          ]
        ]
      },
      "lnet_nics": [
        "ib0",
        "eth0"
      ],
      "lnets": [
        "o2ib(ib0)",
        "tcp(eth0)"
      ],
      "mdt_base_device_paths": {
        "testfs": "/dev/ddn"
      },
      "mdt_list": {
        "testfs": []
      },
      "modprobe_cfg": "\noptions ksocklnd enable_irq_affinity=0\noptions lnet routes=\"o2ib4711 198.51.100.[231-232]@o2ib1o2ib5 130.242.72.[227-228]@o2ib1\" \\\ncheck_routers_before_use=1 router_ping_timeout=250 dead_router_check_interval=300 live_router_check_interval=251\noptions hfi1 krcvqs=4 sge_copy_mode=2 wss_threshold=70 max_mtu=10240",
      "name": "oss3",
      "nic_list": [
        "eth0",
        "eth1",
        "ib0"
      ],
      "nics": {
        "eth0": {
          "device": "eth0",
          "gateway": "198.51.100.1",
          "ip": "198.51.100.15",
          "is_bonded": false,
          "netaddr": "198.51.100.0",
          "netmask": "255.255.255.0"
        },
        "eth1": {
          "device": "eth1",
          "gateway": null,
          "ip": "203.0.113.15",
          "is_bonded": false,
          "netaddr": "203.0.113.0",
          "netmask": "255.255.255.0"
        },
        "ib0": {
          "device": "ib0",
          "gateway": null,
          "ip": "192.0.2.13",
          "is_bonded": false,
          "netaddr": "192.0.2.0",
          "netmask": "255.255.255.0"
        }
      },
      "peers": [
        "oss2",
        "oss1",
        "oss0"
      ],
      "oid": "0x10000002",
      "ost_device_paths": {
        "testfs": "/dev/ddn"
      },
      "ost_list": {
        "testfs": [
          12,
          13,
          14,
          15
        ]
      },
      "rest_cert_ca": "/root/certs/rootca.crt",
      "rest_cert_crl": "/root/certs/rootca.crl",
      "rest_ext_nic": "eth0",
      "rest_int_nic": "eth0",
      "rest_cert_server": "/root/certs/server/es-virt-rest.crt",
      "rest_cert_server_key": "/root/certs/server/es-virt2-rest.key",
      "rest_keepalived_nic": "eth0",
      "rest_primary_nic": "eth0",
      "ring0": "eth0",
      "ring1": "eth1",
      "serial_port": "ttyS0",
      "serial_speed": "115200",
      "stonith_pass": "password",
      "stonith_primary_peers": [
        "mds1",
        "oss2"
      ],
      "stonith_secondary_peers": [
        "mds0",
        "oss0",
        "oss1"
      ],
      "stonith_type": "sfa_vm",
      "stonith_user": "username",
      "sysctl": {
        "net.ipv4.tcp_window_scaling": "2",
        "vm.min_free_kbytes": "2097152"
      }
    },
    "rbh": {
      "fs_list": [],
      "bonding_mode": "4",
      "grub_args": "spectre_v2=off nopti crashkernel=1024M",
      "ha_group": [
        "mds0",
        "mds1",
        "oss0",
        "oss1",
        "oss2",
        "oss3",
        "rbh",
        "client3"
      ],
      "ha_group_idx": 0,
      "host_sfa_list": [
        "sfa12k"
      ],
      "ipmi_delay": null,
      "ipmi_method": null,
      "ipmi_monitor": null,
      "ipmi_power_wait": 5,
      "lnet_members": {
        "o2ib": [
          [
            "192.0.2.10"
          ],
          [
            "192.0.2.11"
          ],
          [
            "192.0.2.12"
          ],
          [
            "192.0.2.13"
          ],
          [
            "192.0.2.14"
          ],
          [
            "192.0.2.17"
          ]
        ],
        "tcp": [
          [
            "198.51.100.10"
          ],
          [
            "198.51.100.11"
          ],
          [
            "198.51.100.12"
          ],
          [
            "198.51.100.13"
          ],
          [
            "198.51.100.14"
          ],
          [
            "198.51.100.15"
          ],
          [
            "198.51.100.16"
          ],
          [
            "198.51.100.18"
          ]
        ]
      },
      "lnet_nics": [
        "ib0",
        "eth0"
      ],
      "lnets": [
        "o2ib(ib0)",
        "tcp(eth0)"
      ],
      "mdt_base_device_paths": {},
      "mdt_list": {},
      "modprobe_cfg": "\noptions ksocklnd enable_irq_affinity=0\noptions lnet routes=\"o2ib4711 198.51.100.[231-232]@o2ib1o2ib5 130.242.72.[227-228]@o2ib1\" \\\ncheck_routers_before_use=1 router_ping_timeout=250 dead_router_check_interval=300 live_router_check_interval=251\noptions hfi1 krcvqs=4 sge_copy_mode=2 wss_threshold=70 max_mtu=10240",
      "name": "rbh",
      "nic_list": [
        "eth0",
        "eth1",
        "ib0"
      ],
      "nics": {
        "eth0": {
          "device": "eth0",
          "gateway": "198.51.100.1",
          "ip": "198.51.100.16",
          "is_bonded": false,
          "netaddr": "198.51.100.0",
          "netmask": "255.255.255.0"
        },
        "eth1": {
          "device": "eth1",
          "gateway": null,
          "ip": "203.0.113.16",
          "is_bonded": false,
          "netaddr": "203.0.113.0",
          "netmask": "255.255.255.0"
        },
        "ib0": {
          "device": "ib0",
          "gateway": null,
          "ip": "192.0.2.14",
          "is_bonded": false,
          "netaddr": "192.0.2.0",
          "netmask": "255.255.255.0"
        }
      },
      "peers": [],
      "oid": null,
      "ost_device_paths": {},
      "ost_list": {},
      "rest_cert_ca": "/root/certs/rootca.crt",
      "rest_cert_crl": "/root/certs/rootca.crl",
      "rest_ext_nic": "eth0",
      "rest_int_nic": "eth0",
      "rest_cert_server": "/root/certs/server/es-virt-rest.crt",
      "rest_cert_server_key": "/root/certs/server/es-virt2-rest.key",
      "rest_keepalived_nic": "eth0",
      "rest_primary_nic": "eth0",
      "ring0": "eth0",
      "ring1": "eth1",
      "serial_port": "ttyS0",
      "serial_speed": "115200",
      "stonith_pass": "password",
      "stonith_primary_peers": [],
      "stonith_secondary_peers": [],
      "stonith_type": "sfa_vm",
      "stonith_user": "username",
      "sysctl": {
        "net.ipv4.tcp_window_scaling": "2",
        "vm.min_free_kbytes": "2097152"
      }
    }
  },
  "rest_settings": {
    "auth_ou": "REST API client",
    "ext_mask": "20",
    "ext_vip": "198.51.100.100",
    "ext_vip_fqdn": "es-virt-rest",
    "int_mask": "20",
    "int_vip": "198.51.100.110",
    "ka_vr_id": "220",
    "master_nodes": [
      "mds0",
      "mds1"
    ]
  },
  "esui_settings": {
    "ip": "1.2.3.4",
    "cidr": 24,
    "size": "120GB",
    "enabled": true,
    "nic": "eth0"
  },
  "fs_settings": {
    "testfs": {
      "backfs": "ldiskfs",
      "cur_mdt_index": 0,
      "cur_ost_index": 0,
      "default_ost_count": 100,
      "default_mdt_count": 2,
      "dom_enabled": true,
      "dom_max_file_size": 128,
      "host_list": [
        "mds0",
        "mds1",
        "oss0",
        "oss1",
        "oss2",
        "oss3"
      ],
      "hsm_active": false,
      "log_dir": "/scratch/log/testfs",
      "mds_list": [
        "mds0",
        "mds1"
      ],
      "mdt_base_device_path": "/dev/ddn",
      "mdt_failback": true,
      "mdt_list": {
        "mds0": [
          0,
          1,
          2
        ],
        "mds1": [
          3
        ]
      },
      "mdt_mke2fs_opts": [
        "-i",
        "2560",
        "-O",
        "project"
      ],
      "mdt_mount_opts": "abort_recov",
      "mgs_device_path": null,
      "mgs_list": [
        "mds0",
        "mds1"
      ],
      "mgt_mount_opts": "max_sectors_kb=0",
      "mdt_opts": "--param mdt.quota_type=ug",
      "mdt_parts": 1,
      "mdt_size": "100g",
      "mgs_failback": true,
      "mgs_internal": true,
      "mgs_size": "500m",
      "mgs_standalone": true,
      "mmp_update_interval": 5,
      "name": "testfs",
      "oss_list": [
        "oss0",
        "oss1",
        "oss2",
        "oss3"
      ],
      "ost_device_path": "/dev/ddn",
      "ost_list": {
        "oss0": [
          0,
          1,
          2,
          3
        ],
        "oss1": [
          4,
          5,
          6,
          7
        ],
        "oss2": [
          8,
          9,
          10,
          11
        ],
        "oss3": [
          12,
          13,
          14,
          15
        ]
      },
      "ost_lnet_list": {
        "tcp": [
          0,
          2,
          4
        ]
      },
      "ost_mke2fs_opts": [
        "-m1",
        "-i",
        "131072",
        "-O",
        "project"
      ],
      "ost_mount_opts": "max_sectors_kb=0,abort_recov",
      "ost_opts": "--param ost.quota_type=ug",
      "pools": [
        "fast_pool"
      ],
      "total_mdt_count": 4,
      "total_ost_count": 16,
      "tune_ost_mke2fs_opts": [
        "for size == 824633720832000 apply '-N 1073741824'"
      ]
    }
  }
}
