---
source: emf-state-machine/src/transition_graph.rs
expression: transition_graphs

---
{
  "host": {
    "nodes": [
      {
        "Host": "up"
      },
      {
        "Host": "down"
      }
    ],
    "node_holes": [],
    "edge_property": "directed",
    "edges": []
  },
  "filesystem": {
    "nodes": [
      {
        "Filesystem": "unavailable"
      },
      {
        "Filesystem": "available"
      },
      {
        "Filesystem": "started"
      },
      {
        "Filesystem": "stopped"
      }
    ],
    "node_holes": [],
    "edge_property": "directed",
    "edges": [
      [
        0,
        2,
        {
          "filesystem": "start"
        }
      ],
      [
        1,
        3,
        {
          "filesystem": "stop"
        }
      ],
      [
        3,
        2,
        {
          "filesystem": "start"
        }
      ]
    ]
  },
  "lnet": {
    "nodes": [
      {
        "Lnet": "up"
      },
      {
        "Lnet": "down"
      },
      {
        "Lnet": "loaded"
      },
      {
        "Lnet": "unloaded"
      },
      {
        "Lnet": "configured"
      }
    ],
    "node_holes": [],
    "edge_property": "directed",
    "edges": [
      [
        0,
        1,
        {
          "lnet": "stop"
        }
      ],
      [
        0,
        2,
        {
          "lnet": "load"
        }
      ],
      [
        1,
        0,
        {
          "lnet": "start"
        }
      ],
      [
        2,
        3,
        {
          "lnet": "unload"
        }
      ],
      [
        2,
        4,
        {
          "lnet": "configure"
        }
      ],
      [
        3,
        2,
        {
          "lnet": "load"
        }
      ],
      [
        4,
        0,
        {
          "lnet": "export"
        }
      ],
      [
        4,
        2,
        {
          "lnet": "unconfigure"
        }
      ]
    ]
  },
  "client_mount": {
    "nodes": [
      {
        "ClientMount": "mounted"
      },
      {
        "ClientMount": "unmounted"
      }
    ],
    "node_holes": [],
    "edge_property": "directed",
    "edges": []
  },
  "mgt": {
    "nodes": [
      {
        "Mgt": "mounted"
      },
      {
        "Mgt": "unmounted"
      }
    ],
    "node_holes": [],
    "edge_property": "directed",
    "edges": [
      [
        0,
        1,
        {
          "mgt": "unmount"
        }
      ],
      [
        1,
        0,
        {
          "mgt": "mount"
        }
      ]
    ]
  },
  "ost": {
    "nodes": [
      {
        "Ost": "mounted"
      },
      {
        "Ost": "unmounted"
      }
    ],
    "node_holes": [],
    "edge_property": "directed",
    "edges": [
      [
        0,
        1,
        {
          "ost": "unmount"
        }
      ],
      [
        1,
        0,
        {
          "ost": "mount"
        }
      ]
    ]
  },
  "mdt": {
    "nodes": [
      {
        "Mdt": "mounted"
      },
      {
        "Mdt": "unmounted"
      }
    ],
    "node_holes": [],
    "edge_property": "directed",
    "edges": [
      [
        0,
        1,
        {
          "mdt": "unmount"
        }
      ],
      [
        1,
        0,
        {
          "mdt": "mount"
        }
      ]
    ]
  },
  "mgt_mdt": {
    "nodes": [
      {
        "MgtMdt": "mounted"
      },
      {
        "MgtMdt": "unmounted"
      }
    ],
    "node_holes": [],
    "edge_property": "directed",
    "edges": [
      [
        0,
        1,
        {
          "mgt_mdt": "unmount"
        }
      ],
      [
        1,
        0,
        {
          "mgt_mdt": "mount"
        }
      ]
    ]
  }
}
