---
source: emf-lib-state-machine/src/input_document/mod.rs
expression: err

---
jobs.deploy_hosts.steps[0]: missing field `id`
