---
source: emf-services/emf-device/tests/integration_tests.rs
expression: xs

---
[
  {
    "id": "<ID>",
    "state_modified_at": "<STATE_MODIFIED_AT>",
    "state": "unmounted",
    "filesystem": "fs0a9c",
    "host_id": "<HOST_ID>",
    "mountpoints": []
  }
]
