---
source: emf-services/emf-network/src/main.rs
expression: parsed_data
---
None
