---
source: iml-services/iml-network/src/main.rs
expression: parsed_data
---
None
