---
source: emf-state-machine/src/input_document/mod.rs
expression: err

---
jobs.add_mds1.steps[0]: action field not found. action must be present before inputs
