---
source: iml-agent/src/action_plugins/lustre/snapshot.rs
expression: xs
---
[
    (
        "testsnapa",
        2020-11-03T07:27:23Z,
        2020-11-03T07:27:23Z,
        None,
    ),
    (
        "abcd",
        2020-11-02T15:31:49Z,
        2020-11-02T15:31:49Z,
        None,
    ),
    (
        "testabc",
        2020-11-02T15:34:44Z,
        2020-11-02T15:34:44Z,
        None,
    ),
    (
        "snaptwo",
        2020-11-04T06:03:37Z,
        2020-11-04T06:03:37Z,
        None,
    ),
    (
        "testabc4",
        2020-11-02T15:49:20Z,
        2020-11-02T15:49:20Z,
        None,
    ),
    (
        "1-es01a-2020-11-02T16:10:24Z",
        2020-11-02T16:10:25Z,
        2020-11-02T16:10:25Z,
        Some(
            "automatically created by IML",
        ),
    ),
    (
        "1-es01a-2020-11-02T16:40:24Z",
        2020-11-02T16:40:25Z,
        2020-11-02T16:40:25Z,
        Some(
            "automatically created by IML",
        ),
    ),
    (
        "snapone",
        2020-11-04T06:03:29Z,
        2020-11-04T06:03:29Z,
        None,
    ),
    (
        "testsnapz",
        2020-11-04T05:47:18Z,
        2020-11-04T05:47:18Z,
        None,
    ),
    (
        "1-es01a-2020-11-02T16:20:24Z",
        2020-11-02T16:20:25Z,
        2020-11-02T16:20:25Z,
        Some(
            "automatically created by IML",
        ),
    ),
    (
        "1-es01a-2020-11-02T16:30:24Z",
        2020-11-02T16:30:25Z,
        2020-11-02T16:30:25Z,
        Some(
            "automatically created by IML",
        ),
    ),
    (
        "1-es01a-2020-11-02T16:00:24Z",
        2020-11-02T16:00:25Z,
        2020-11-02T16:00:25Z,
        Some(
            "automatically created by IML",
        ),
    ),
    (
        "snapthree",
        2020-11-04T06:07:50Z,
        2020-11-04T06:07:50Z,
        None,
    ),
    (
        "testsnapd",
        2020-11-04T06:02:40Z,
        2020-11-04T06:02:40Z,
        None,
    ),
    (
        "tstsnap",
        2020-11-02T16:51:20Z,
        2020-11-02T16:51:20Z,
        None,
    ),
    (
        "testsnapb",
        2020-11-03T15:08:19Z,
        2020-11-03T15:08:19Z,
        None,
    ),
    (
        "1-es01a-2020-11-02T15:50:24Z",
        2020-11-02T15:50:27Z,
        2020-11-02T15:50:27Z,
        Some(
            "automatically created by IML",
        ),
    ),
    (
        "testabc3",
        2020-11-02T15:44:58Z,
        2020-11-02T15:44:58Z,
        None,
    ),
    (
        "mysnap",
        2020-11-02T15:28:43Z,
        2020-11-02T15:28:42Z,
        Some(
            "mynew snapshot",
        ),
    ),
    (
        "Test3",
        2020-11-03T15:14:57Z,
        2020-11-03T15:14:57Z,
        None,
    ),
    (
        "testsnap",
        2020-11-02T15:14:07Z,
        2020-10-30T16:26:26Z,
        None,
    ),
]
